GAMS 25.1.3  r4e34d435fbd Released Oct 30, 2018 WEX-WEI x86 64bit/MS Windows - 03/28/19 16:19:53 Page 1
G e n e r a l   A l g e b r a i c   M o d e l i n g   S y s t e m
C o m p i l a t i o n


   1   
   2  ***--------------------------------------------------------------------------***
   3  ***                             GENERAL OPTIONS                              ***
   4  ***--------------------------------------------------------------------------***
   5   
   6  option  optcr = 0.0001
   7          limrow = 0,
   8  *equations listed per block */
   9          limcol = 0
  10  *variables listed per block */
  11          solprint = off,
  12  *solver's solution output printed */
  13          sysout = off,
  14  *define standard solver
  15          QCP = Gurobi,
  16          LP = Gurobi
  17  ;
  18   
  19  ***--------------------------------------------------------------------------***
  20  ***            OPTIONS FOR DIFFERENT SCENARIOS & LINE INVESTMENT             ***
  21  ***--------------------------------------------------------------------------***
  22   
  23  *** Choose number of zones (one, two)
  25   
  26  Sets
  27           L "indices for power lines"     / 1 * 11 /
  28           LineInvest                      / 1 * 11 /
  29   ;
  30   
  31  ***--------------------------------------------------------------------------***
  32  ***             LOAD DATA AND SETUP FOR LOOP WITH PROBABILITIES              ***
  33  ***--------------------------------------------------------------------------***
  34   
  35   
INCLUDE    C:\Users\ba62very\MyGit\risk-aversion\GAMS\input-risk-aversion.gms
  37  *** General Sets ***
  38   
  39    Sets
  40    T    "indices for times" / 1 *  400 /
  41    N    "indices for nodes"       / 1 *   2 /
  42    G    "indices for generators"  / 1 *   8 /
  43    D(N) "indices for consumers"   / 1 *   2 /
  44    Z    "indices for zones"       / 1 *   2 /
  45    B    "indices for backup"      / 1 *   2 /
  46    S_trans "indices for transmission cost scenarios" /low_trans, high_trans/
  47    S_co2 "indices for CO2 cost scenarios"    /low_co2, high_co2/
  48    S_dloc "indices for demand locational distribution scenarios"  /south, north/
  49    S_dlev    "indices for demand level scenarios"    /low_dlev, medium_dlev, high_dlev/
  50    ;
  51   
  52    Alias (n,nn) ;
  53   
  54    Scalars
  55    M              bigM                                  / 10000    /
  56    epsilon        elacticity of demand                  / -0.10 /
  57    Year           Hours per year                        /  8760    /
  58    buFixInv       Annuity per 1 MW backup capacity      / 32000    /
  59    DSM            Load Shedding costs                   /  3000    /
  60  *DSM: do we use / need that?
  61    L_step         Capacity steps for lines              /     0.01 /
  62    ;
  63   
  64  *** Line Parameters ***
  65   
  66    Parameters
  67    lineIsNew(L)   "candidate line"
  68    lineGamma(L)   "susceptance"
  69    lineUB(L)      "thermal capacity"
  70    lineStart(L)   "start node"
  71    lineEnd(L)     "end node"
  72    lineFixInv(L, S_trans)  "line investment cost (candidate lines)"
  73    lineInter(L) "line is interzone link"
  74    L_cost(S_trans)   "Cost for 0.01 line capacity"           / low_trans 250, high_trans 350 /
  75    buVarInv(S_co2)       "Variable cost per MWh for backup"      /low_co2 68, high_co2 79/
  76   
  77  *** Generator Parameters ***
  78   
  79    genIsRES(G)    "renewable generator"                   / 7 1, 8 1 /
  80    genAtNode(G)   "location (node)"                       / 1 1, 2 1, 3 1, 4 2, 5 2, 6 2, 7 1, 8 2 /;
  81    Table
  82    genVarInv(G,S_co2)   "variable cost"               low_co2   high_co2
  83                                                  1       35      51
  84                                                  2       43      50
  85                                                  3       68      79
  86                                                  4       38      54
  87                                                  5       43      50
  88                                                  6       68      79
  89                                                  7       0       0
  90                                                  8       0       0
  91    ;
  92   
  93    Parameters
  94    genFixInv(G)   "investment cost"                       / 1 93000, 2 58000, 3 32000, 4 93000, 5 58000, 6 32000, 7 78000, 8 93000 /
  95    buAtNode(B)    "location (node) of backup"             / 1 1, 2 2 /
  96    prob_trans(S_trans) "probability for transmission cost scenario" /low_trans 1, high_trans 0/
  97    prob_co2(S_co2) "probability for CO2 cost scenario"  /low_co2 1, high_co2 0/
  98    prob_dloc(S_dloc) "probability for demand location scenario" /south 1, north 0/
  99    prob_dlev(S_dlev) "probability for demand level scenario" /low_dlev 0, medium_dlev 0, high_dlev 1/
 100    avail(T,G)     "availability of generators"
 101   
 102   
 103  *** Demand Parameters ***
 104    consAtNode(D)   "location (node)"                      / 1 1, 2 2 /;
 105    Table
 106    qPeak(D, S_dloc) "peak consumption at consumer D"         south   north
 107                                                          1   0.3     0.7
 108                                                          2   0.7     0.3;
 109   
 110   
 111    Parameters
 112    consObjB(D,T,S_dlev,S_dloc)   "slope demand function"
 113    consObjA(D,T,S_dlev,S_dloc)   "intercept demand function"
 114    periodScale(T)  "occurence of scenarios"
 115    dRef(T,S_dlev) "reference demand per season"
 116    pRef(T)         "reference price"
 117   
 118   
 119  *** Risk Aversion Parameters ***
 120    weight_sp     "weight assigned to the worst-case spot market outcome for risk averse market participants (0 being the risk-neutral case and 1 being strictly robust)"   /0/
 121    weight_rd     "weight assigned to the worst-case redispacth outcome for risk averse market participants (0 being the risk-neutral case and 1 being strictly robust)"    /0/
 122    percentile      "lower percentile of welfare function that is considered to be the worst case"                /0.2/
 123    ;
 124   
 125    lineIsNew(L)     = 1 ;
 126    lineGamma(L)     = 1 ;
 127    lineUB(L)        = ( L.Val - 1 ) * L_step ;
 128    lineStart(L)     = 1 ;
 129    lineEnd(L)       = 2 ;
 130    lineFixInv(L, S_trans)    = L_cost(S_trans) * L_step / 0.01 * ( L.Val - 1 ) ;
 131   
 133    lineInter(L) = 1
 134    Parameters
 135    ConsInZone(D) "consumer in zone" /1 1, 2 2/
 136    GenInZone(G) "generation in zone"  /1 1, 2 1, 3 1, 4 2, 5 2, 6 2, 7 1, 8 2/
 137    NodeInZone(N) /1 1, 2 2/
 139    ;
 140   
 141  *** Read.csv Input Data
 142   
GDXIN   C:\Users\ba62very\MyGit\risk-aversion\GAMS\input.gdx
--- LOAD  pRef = 1:pRef
 147   
GDXIN   C:\Users\ba62very\MyGit\risk-aversion\GAMS\input.gdx
--- LOAD  dRef = 1:dRef
 152   
GDXIN   C:\Users\ba62very\MyGit\risk-aversion\GAMS\input.gdx
--- LOAD  periodScale = 1:periodScale
 157   
GDXIN   C:\Users\ba62very\MyGit\risk-aversion\GAMS\input.gdx
--- LOAD  avail = 1:avail
 162   
 163   
 164  *** Demand Curves ***
 165   
 166    consObjB(D,T,S_dlev,S_dloc) = (-1) * pRef(T) / ( dRef(T, S_dlev) * qPeak(D, S_dloc) * epsilon )      ;
 167    consObjA(D,T,S_dlev,S_dloc) =  pRef(T) + consObjB(D,T,S_dlev,S_dloc) * dRef(T, S_dlev) * qPeak(D, S_dloc)          ;
 168   
 169   
INCLUDE    C:\Users\ba62very\MyGit\risk-aversion\GAMS\parameters-risk-aversion.gms
 171    Parameters
 172  *investment
 173    SP_CAP_G(G)            "investment decision in conv. generation capacity of spot market level"
 174    RD_CAP_B(B)             "investment of backup generator B"
 175  *generation and demand
 176    SP_DEM(S_trans,S_co2,S_dloc,S_dlev,D,T)          "demand Spot"
 177    SP_GEN_G(S_trans,S_co2,S_dloc,S_dlev,G,T)        "generation amount Spot"
 178  *transmission
 179    lineB(L)
 180    SP_FLOW(S_trans,S_co2,S_dloc,S_dlev,L,T)
 181    SP_CAP_L(L)
 182    RD_FLOW(S_trans,S_co2,S_dloc,S_dlev,L,T)         "flow through line L in scenario s and time t after redispatch"
 183   
 184   
 185  *welfare
 186    wf_sc_all(S_trans,S_co2,S_dloc,S_dlev)           "final welfare for scenario s"
 187    wf_all                 "final welfare"
 188   
 189  *  Demand
 190    RD_GEN_G(S_trans,S_co2,S_dloc,S_dlev,G,T)        "generation after Redispatch"
 191    RD_GEN_B(S_trans,S_co2,S_dloc,S_dlev,B,T)        "generation of backup capacity b in scenario s and time t"
 192    RD_DEM_L(S_trans,S_co2,S_dloc,S_dlev,D,T)        "load shedding"
 193   
 194  * Loops
 195    Loop_welfare_all(LineInvest)          "total welfare in each line investment iteration"
 196    Loop_welfare_all_sc(LineInvest,S_trans,S_co2,S_dloc,S_dlev)     "welfare for scenario s"
 197    Loop_genInv(LineInvest, G)           "generation investment"
 198    Loop_lineInv(LineInvest)              "cost of line investement"
 199   
      *  nodal_welfare(S,N)     "welfare for node d in scenario s"
       
      *costs
        ct_RD_TEST
      * COST_FC_G
        Cost_sc_rd_g(S)
        Cost_sc_rd_b(S)
        Cost_sc_rd_l(S)
        Cost_sc_sp_g(S)
        Cost_fc_l
        Cost_fc_b
        Cost_fc_g
        Cost_sc_cr(S)          "Congestion rent by scenario"
      *  genCost                "cost of generation investment"
      *  buCost
        rediCost(S)            "network costs and redispatch cost in scenario s"
        totalRediCost          "total redispatch cost for all scenarios"
        rediGenCost            "cost for generation redispatch in scenario s"
        rediBuCost             "variable cost for backup capacity in scenario s"
       
      *  averageDemand(S,D,T)   "total redispatched demand of consumer d over all periods and scenarios"
       
      *prices
        priceD_Spot(S,D,T)     "price for consumer d in period t in scenario s"
        priceG_Spot(S,G,T)     "price for producer g in period t in scenario s"
        Price_SP_nodalAvg(S,N)
        Price_RD_Markup(S)
        Price_FI_nodal(S,N)
       
      *  avgPriceSpot(S)        "average price in scenario s"
      *  nodalAvgPriceSpot(S,N) "average price for node n in scenario s"
      *  totalAvgPriceSpot      "weighted average spot price over all scenarios"
       
      *  networkRevenues(S)     "network revenues in scenario s"
      *  networkFee(S)          "network fee in scenario s"
      *utilization
      *  avgGenUtilization(S,G) "average utilization of generator g in scenario s"
      *  avgLineUtilization(S)  "average utilization of transmission capacity in scenario s"
      *  avgBuUtilization(S,B)  "average utilization of backup b in scenario s"
       
       
        Loop_Probability_results(Loop_Probability,S);
       
        Parameters
        Loop_welfare_sp(Loop_Probability, LineInvest)          "spot market welfare"
        Loop_welfare_sp_sc(Loop_Probability,LineInvest,S)      "spot market welfare for scenario s"
       
        Loop_welfare_all(Loop_Probability,LineInvest)          "total welfare"
        Loop_welfare_sp_TEST(Loop_Probability, LineInvest)
        Loop_welfare_sp_sc_d(Loop_Probability, LineInvest,S,D)
       
       
       
        Loop_price_SP_D(Loop_Probability,LineInvest,S,D,T)     "price for consumer d in period t in scenario s"
        Loop_price_SP_G(Loop_Probability,LineInvest,S,G,T)     "price for generators g in period t in scenario s"
        Loop_price_SP_nodal(Loop_Probability,LineInvest,S,N)
        Loop_price_RD_markup(Loop_Probability,LineInvest,S,results)
        Loop_price_Final(Loop_Probability,LineInvest,S,N)
       
        Loop_results_rents_A(Loop_Probability,LineInvest,S,results)
        Loop_results_rents_N(Loop_Probability,LineInvest,S,N,results)
        Loop_rents_CS(Loop_Probability,LineInvest,D,S)
        Loop_rents_PS(Loop_Probability,LineInvest,G,S)
        Loop_profits_PS(Loop_Probability,LineInvest,G,S)
       
        Loop_redispatch_TEST(Loop_Probability, LineInvest)
        Loop_redispatch(Loop_Probability, LineInvest)
        Loop_redispatch_sc(Loop_Probability, LineInvest,s)
       
        Loop_demand(Loop_Probability, LineInvest,S,N)
        Loop_nodal(Loop_Probability, LineInvest,S,N,results)
       
       
        Loop_nodal_welfare(Loop_Probability, LineInvest, S,N)  "welfare for node d in scenario s"
        Loop_avgPriceSpot(Loop_Probability,LineInvest,S)       "average price in scenario s"
        Loop_nodalAvgPriceSpot(Loop_Probability,LineInvest,S,N)"average price for node n in scenario s"
       
        Loop_genCost(Loop_Probability,LineInvest)              "cost of generation investment"
        Loop_buCost(Loop_Probability,LineInvest)               "cost of generation investment"
       
       
        Loop_buInv(Loop_Probability, LineInvest, B)            "generation investment backup capacity"
      *  Loop_resInv(Loop_Probability, LineInvest, R)           "generation investment RES capacity"
        Loop_totalAvgPriceSpot(Loop_Probability, LineInvest)   "weighted average spot price over all scenarios"
        Loop_demand(Loop_Probability, LineInvest,S,D,T)        "redispatched demand of consumer D"
        Loop_avgPriceCons(Loop_Probability, LineInvest, S,D)   "weighted average price at consumer d in scenario s over all periods"
       
       
        Loop_rediCost(Loop_Probability, LineInvest, S)         "redispatch cost in scenario s"
        Loop_totalRediCost(Loop_Probability, LineInvest)       "total redispatch cost in all scenarios"
        Loop_rediGenCost(Loop_Probability, LineInvest, S)      "cost for generation redispatch in scenario s"
        Loop_rediBuCost(Loop_Probability, LineInvest, S)       "variable cost for backup capacity in scenario s"
       
       
        Loop_flowFinal(Loop_Probability, LineInvest, S,L,T)            "flow through line L in scenario s and time t after redispatch"
        Loop_generationBU(Loop_Probability, LineInvest,S,B,T)          "generation of backup capacity b in scenario s and time t"
        Loop_generation(Loop_Probability, LineInvest,S,G,T)            "generation of generator g in scenario s and time t"
        Loop_totalLineCapacity(Loop_Probability, LineInvest)           "total line capacity"
        Loop_avgGenUtilization(Loop_Probability, LineInvest, S,G)      "average utilization of generator g in scenario s"
        Loop_avgLineUtilization(Loop_Probability, LineInvest,S)        "average utilization of transmission capacity in scenario s"
        Loop_avgBuUtilization(Loop_Probability, LineInvest, S,B)       "average utilization of backup b in scenario s"
        Loop_networkFee(Loop_Probability, LineInvest, S)               "network fee in scenario s"
        Loop_networkRev(Loop_Probability,LineInvest,S)                 "Congestion rents"
        Loop_results_rents_N(Loop_Probability,LineInvest,S,N,results)
       
        Loop_price_comp(Loop_Probability,LineInvest,N,results)
        Loop_RD_comp(Loop_Probability,LineInvest,N,results)
        Loop_CR_comp(Loop_Probability,LineInvest,N,S)
        Loop_results_price_N(Loop_Probability,LineInvest,S,N,results)
        Loop_results_price_A(Loop_Probability,LineInvest,S,results)
 312  ;
INCLUDE    C:\Users\ba62very\MyGit\risk-aversion\GAMS\model-risk-aversion.gms
 314  ***--------------------------------------------------------------------------***
 315  ***                           DEFINITION of VARIABLES                        ***
 316  ***--------------------------------------------------------------------------***
 317   
 318    Variables
 319  * objective values
 320    welfareSpot            "welfare in spot market"
 321    costRedispatch         "cost at redispatch level"
 322  * Spot Market
 323    f_sp(S_trans,S_co2,S_dloc,S_dlev,L,T) "trade flow in spot market"
 324    VAR_sp                 "value at risk spot market"
 325  * Redispatch
 326    f_rd(S_trans,S_co2,S_dloc,S_dlev,L,T)            "transmission flows redispatch"
 327    angle(S_trans,S_co2,S_dloc,S_dlev,N,T)           "phase angle in redispatch model"
 328    VAR_rd                "value at risk redispatch"
 329    CVAR                   "conditional value at risk"
 330    ;
 331   
 332    Positive Variables
 333  * Spot Market
 334    d_sp(S_trans,S_co2,S_dloc,S_dlev,D,T)            "demand spot market"
 335    g_sp(S_trans,S_co2,S_dloc,S_dlev,G,T)            "generation amount spot market"
 336    ig_sp(G)                                         "installed capacity of generators in spot market"
 337  * Risk Aversion
 338    eta_sp(S_trans,S_co2,S_dloc,S_dlev)              "auxiliary variable to model CVAR in spot market stage"
 339   
 340  * Redispatch
 341    d_rd(S_trans,S_co2,S_dloc,S_dlev,D,T)            "demand redispatcht"
 342    g_rd(S_trans,S_co2,S_dloc,S_dlev,G,T)            "generation amount redispatch"
 343    gb_rd(S_trans,S_co2,S_dloc,S_dlev,B,T)           "generation backup capacity redispatch"
 344    ib_rd(B)                                         "investment in backup capacity redispatch"
 345    g_n_rd(S_trans,S_co2,S_dloc,S_dlev,G,T)          "negative generation redispatch"
 346    g_p_rd(S_trans,S_co2,S_dloc,S_dlev,G,T)          "positive generation redispatch"
 347    ls_rd(S_trans,S_co2,S_dloc,S_dlev,D,T)           "load shedding redispatch"
 348  * Risk Aversion
 349    eta_rd(S_trans,S_co2,S_dloc,S_dlev)              "auxiliary variable to model CVAR in redispatch stage"
 350    ;
 351   
 352  *  Binary Variable
 353  *  lineB(L)               "line is built?"
 354  *  ;
 355   
 356  ***--------------------------------------------------------------------------***
 357  ***                          SPOT MARKET MODEL                               ***
 358  ***--------------------------------------------------------------------------***
 359   
 360  *** Objective function
 361    Equation welfSpot;
 362    welfSpot..         welfareSpot =e=
 363    (1-weight_sp)*
 364                                          sum((S_trans,S_co2,S_dloc,S_dlev), prob_trans(S_trans)*prob_co2(S_co2)*prob_dloc(S_dloc)*prob_dlev(S_dlev)
 365                                        * ( sum((D,T), periodScale(T)*( consObjA(D,T,S_dlev,S_dloc) * d_sp(S_trans,S_co2,S_dloc,S_dlev,D,T)
 366                                        - 0.5 * consObjB(D,T,S_dlev,S_dloc) * d_sp(S_trans,S_co2,S_dloc,S_dlev,D,T) * d_sp(S_trans,S_co2,S_dloc,S_dlev,D,T) ) )
 367                                        - sum((G,T), genVarInv(G,S_co2) * g_sp(S_trans,S_co2,S_dloc,S_dlev,G,T) * periodScale(T) ) ) ) * Year
 368                                        - sum(G, genFixInv(G) * ig_sp(G) )
 369                                        + weight_sp*(VAR_sp - (1/(1-percentile)
 370                                        *sum((S_trans,S_co2,S_dloc,S_dlev), prob_trans(S_trans)*prob_co2(S_co2)*prob_dloc(S_dloc)*prob_dlev(S_dlev)
 371                                        * eta_sp(S_trans,S_co2,S_dloc,S_dlev))))
 372  ;
 373   
 374  *** Conditional Value at Risk Restrictions ***
 375    Equation CVARSpot;
 376    CVARSpot(S_trans,S_co2,S_dloc,S_dlev)..
 377          VAR_sp - (( sum((D,T), periodScale(T)*( consObjA(D,T,S_dlev,S_dloc) * d_sp(S_trans,S_co2,S_dloc,S_dlev,D,T)
 378                  - 0.5 * consObjB(D,T,S_dlev,S_dloc) * d_sp(S_trans,S_co2,S_dloc,S_dlev,D,T) * d_sp(S_trans,S_co2,S_dloc,S_dlev,D,T) ) )
 379                  - sum((G,T), genVarInv(G,S_co2) * g_sp(S_trans,S_co2,S_dloc,S_dlev,G,T) * periodScale(T) ) )  * Year
 380                  - sum(G, genFixInv(G) * ig_sp(G))) =l=eta_sp(S_trans,S_co2,S_dloc,S_dlev)
 381                  ;
 382   
 383   
 384  *** Zonal First Kirchhoffs Law
 385   
 386    Equation ZFKL;
 387    ZFKL(S_trans,S_co2,S_dloc,S_dlev,Z,T)..
 388           sum(D$(consInZone(D) = Z.val), d_sp(S_trans,S_co2,S_dloc,S_dlev,D,T)) =e=
 389                       sum(G$(sum(N$(genAtNode(G) = N.val), NodeInZone(N)) = Z.val), g_sp(S_trans,S_co2,S_dloc,S_dlev,G,T) )
 390                     - sum(L$(sum(N$(lineStart(L) = N.val), NodeInZone(N)) = Z.val and lineInter(L) = 1), f_sp(S_trans,S_co2,S_dloc,S_dlev,L,T))
 391                     + sum(L$(sum(N$(lineEnd(L) = N.val),   NodeInZone(N)) = Z.val and lineInter(L) = 1), f_sp(S_trans,S_co2,S_dloc,S_dlev,L,T)) ;
 392   
 393   
 394  *** Market Coupling Flow Restrictions
 395   
 396    Equation MCF1;
 397    MCF1(S_trans,S_co2,S_dloc,S_dlev,L,T)$(lineInter(L) = 1 and lineIsNew(L) = 0)..   f_sp(S_trans,S_co2,S_dloc,S_dlev,L,T) =l= lineUB(L);
 398    Equation MCF2;
 399    MCF2(S_trans,S_co2,S_dloc,S_dlev,L,T)$(lineInter(L) = 1 and lineIsNew(L) = 0).. - lineUB(L)=l= f_sp(S_trans,S_co2,S_dloc,S_dlev,L,T);
 400    Equation MCF3;
 401    MCF3(S_trans,S_co2,S_dloc,S_dlev,L,T)$(lineInter(L) = 1 and lineIsNew(L) = 1)..   f_sp(S_trans,S_co2,S_dloc,S_dlev,L,T) =l= lineB(L) * lineUB(L);
 402    Equation MCF4;
 403    MCF4(S_trans,S_co2,S_dloc,S_dlev,L,T)$(lineInter(L) = 1 and lineIsNew(L) = 1).. - lineB(L) * lineUB(L) =l= f_sp(S_trans,S_co2,S_dloc,S_dlev,L,T);
 404   
 405   
 406   
 407  ***Generation Capacity Limits
 408   
 409    Equation GCLSpot ;
 410    GCLSpot(S_trans,S_co2,S_dloc,S_dlev,G,T)..  g_sp(S_trans,S_co2,S_dloc,S_dlev,G,T) =l= avail(T,G) * ig_sp(G) ;
 411   
 412   
 413  ***--------------------------------------------------------------------------***
 414  ***                     NETWORK- and REDISPATCH LEVEL                        ***
 415  ***--------------------------------------------------------------------------***
 416   
 417    Equation costRed ;
 418    costRed..         costRedispatch =e= (1-weight_rd)
 419                                             *sum((S_trans,S_co2,S_dloc,S_dlev), prob_trans(S_trans)*prob_co2(S_co2)*prob_dloc(S_dloc)*prob_dlev(S_dlev)
 420                                             * ( sum((G,T), genVarInv(G,S_co2) * ( g_rd(S_trans,S_co2,S_dloc,S_dlev,G,T) - SP_GEN_G(S_trans,S_co2,S_dloc,S_dlev,G,T) )
 421                                             * periodScale(T) ) * YEAR
 422                                             + sum((B,T), buVarInv(S_co2) * gb_rd(S_trans,S_co2,S_dloc,S_dlev,B,T) * periodScale(T) ) * YEAR )
 423                                             + sum(L$(lineIsNew(L) = 1), lineFixInv(L,S_trans) * lineB(L)))
 424                                             + sum(B, buFixInv * ib_rd(B) )
 425                                             + weight_rd*CVAR
 426                                             ;
 427   
 428   
 429  *** Conditional Value at Risk Restrictions ***
 430   
 431    Equation CVARRed1;
 432    CVARRed1..
 433           (VAR_rd + (1/(1-percentile)
 434           *sum((S_trans,S_co2,S_dloc,S_dlev), prob_trans(S_trans)*prob_co2(S_co2)*prob_dloc(S_dloc)*prob_dlev(S_dlev)
 435           * eta_rd(S_trans,S_co2,S_dloc,S_dlev)))) =l= CVAR
 436   
 437    Equation CVARRed2;
 438    CVARRed2(S_trans,S_co2,S_dloc,S_dlev)..
 439           (sum((G,T), genVarInv(G,S_co2) * ( g_rd(S_trans,S_co2,S_dloc,S_dlev,G,T) - SP_GEN_G(S_trans,S_co2,S_dloc,S_dlev,G,T) )
 440                                             * periodScale(T) ) * YEAR
 441                                             + sum((B,T), buVarInv(S_co2) * gb_rd(S_trans,S_co2,S_dloc,S_dlev,B,T) * periodScale(T) ) * YEAR )
 442                                             + sum(B, buFixInv * ib_rd(B) )
 443                                             + sum(L$(lineIsNew(L) = 1), lineFixInv(L,S_trans) * lineB(L) ) - VAR_rd
 444                                             =l=eta_rd(S_trans,S_co2,S_dloc,S_dlev)
 445  ***First Kirchhoffs Law
 446   
 447    Equation FKL;
 448    FKL(S_trans,S_co2,S_dloc,S_dlev,N,T)..   sum(D$(consAtNode(D) = N.val), SP_DEM(S_trans,S_co2,S_dloc,S_dlev,D,T)) =e=
 449                   sum(G$(genAtNode(G)   = N.val), g_rd(S_trans,S_co2,S_dloc,S_dlev,G,T))
 450                   + sum(B$(buAtNode(B)  = N.val), gb_rd(S_trans,S_co2,S_dloc,S_dlev,B,T))
 451                   + sum(L$(lineEnd(L)   = N.val), f_rd(S_trans,S_co2,S_dloc,S_dlev,L,T))
 452                   - sum(L$(lineStart(L) = N.val), f_rd(S_trans,S_co2,S_dloc,S_dlev,L,T)) ;
 453   
 454  ***Second Kirchhoffs Law
 455   
 456    Equation SKL1;
 457    SKL1(S_trans,S_co2,S_dloc,S_dlev,L,T)$(lineIsNew(L) = 0)..
 458              f_rd(S_trans,S_co2,S_dloc,S_dlev,L,T) + lineGamma(L) * (sum(N$(lineStart(L) = N.val), angle(S_trans,S_co2,S_dloc,S_dlev,N,T))
 459              - sum(N$(lineEnd(L) = N.val), angle(S_trans,S_co2,S_dloc,S_dlev,N,T))) =e= 0;
 460    Equation SKL2;
 461    SKL2(S_trans,S_co2,S_dloc,S_dlev,L,T)$(lineIsNew(L) = 1)..
 462              - M * (1 - lineB(L)) =l=  f_rd(S_trans,S_co2,S_dloc,S_dlev,L,T)
 463              + lineGamma(L) * (sum(N$(lineStart(L) = N.val), angle(S_trans,S_co2,S_dloc,S_dlev,N,T))
 464              - sum(N$(lineEnd(L) = N.val), angle(S_trans,S_co2,S_dloc,S_dlev,N,T)));
 465    Equation SKL3;
 466    SKL3(S_trans,S_co2,S_dloc,S_dlev,L,T)$(lineIsNew(L) = 1)..
 467              f_rd(S_trans,S_co2,S_dloc,S_dlev,L,T)
 468              + lineGamma(L) * (sum(N$(N.val = lineStart(L)), angle(S_trans,S_co2,S_dloc,S_dlev,N,T))
 469              - sum(N$(N.val= lineEnd(L)), angle(S_trans,S_co2,S_dloc,S_dlev,N,T))) =l= M * (1 - lineB(L));
 470   
 471  ***Voltage Phase Angle
 472   
 473    Equation VPA;
 474    VPA(S_trans,S_co2,S_dloc,S_dlev,N,T)$(N.val = 1).. angle(S_trans,S_co2,S_dloc,S_dlev,N,T) =e= 0;
 475   
 476  ***Trasmission Flow Limits
 477   
 478    Equation TFL1;
 479    TFL1(S_trans,S_co2,S_dloc,S_dlev,L,T)$(lineIsNew(L) = 0)..   f_rd(S_trans,S_co2,S_dloc,S_dlev,L,T) =l= lineUB(L);
 480    Equation TFL2;
 481    TFL2(S_trans,S_co2,S_dloc,S_dlev,L,T)$(lineIsNew(L) = 0).. - lineUB(L) =l= f_rd(S_trans,S_co2,S_dloc,S_dlev,L,T);
 482    Equation TFL3;
 483    TFL3(S_trans,S_co2,S_dloc,S_dlev,L,T)$(lineIsNew(L) = 1)..   f_rd(S_trans,S_co2,S_dloc,S_dlev,L,T) =l= lineB(L) * lineUB(L);
 484    Equation TFL4;
 485    TFL4(S_trans,S_co2,S_dloc,S_dlev,L,T)$(lineIsNew(L) = 1).. - lineB(L) * lineUB(L) =l= f_rd(S_trans,S_co2,S_dloc,S_dlev,L,T);
 486   
 487  ***Generation Capacity Limits (Redispatch Level)
 488   
 489    Equation GCLRed;
 490    GCLRed(S_trans,S_co2,S_dloc,S_dlev,G,T).. g_rd(S_trans,S_co2,S_dloc,S_dlev,G,T) =l= avail(T,G) * SP_CAP_G(G) ;
 491   
 492    Equation GCLBu;
 493    GCLBu(S_trans,S_co2,S_dloc,S_dlev,B,T)..  gb_rd(S_trans,S_co2,S_dloc,S_dlev,B,T) =l= ib_rd(B) ;
 494   
 495  *** Fix Spot Market and Redispatch Quantities
 496   
 497    Equation fixDem;
 498    fixDem(S_trans,S_co2,S_dloc,S_dlev,D,T).. d_rd(S_trans,S_co2,S_dloc,S_dlev,D,T) =e= SP_DEM(S_trans,S_co2,S_dloc,S_dlev,D,T)
 499  *- ls_rd(S,D,T)
 500    ;
 501   
 502    Equation fixGen;
 503    fixGen(S_trans,S_co2,S_dloc,S_dlev,G,T)..
 504                  g_rd(S_trans,S_co2,S_dloc,S_dlev,G,T) =e= SP_GEN_G(S_trans,S_co2,S_dloc,S_dlev,G,T)
 505                  + g_p_rd(S_trans,S_co2,S_dloc,S_dlev,G,T) - g_n_rd(S_trans,S_co2,S_dloc,S_dlev,G,T);
 506   
 507  ***--------------------------------------------------------------------------***
 508  ***                           DEFINITION MODELS                              ***
 509  ***--------------------------------------------------------------------------***
 510   
 511    Model Spotmarket
 512    / welfspot,
 513      CVARSpot,
 514      ZFKL,
 515      MCF1,
 516      MCF2,
 517      MCF3,
 518      MCF4,
 519      GCLSpot
 520  /;
 521   
 522    Model Redispatch
 523    / costRed,
 524      CVARRed1,
 525      CVARRed2,
 526      FKL,
 527      SKL1,
 528      SKL2,
 529      SKL3,
 530      VPA,
 531      TFL1,
 532      TFL2,
 533      TFL3,
 534      TFL4,
 535      GCLRed,
 536      GCLBu,
 537      fixDem,
 538      fixGen /;
 539   
 540  ***--------------------------------------------------------------------------***
 541  ***                           END MODEL SECTION                              ***
 542  ***--------------------------------------------------------------------------***
 543   
 544  *** read gurobi.opt
 545  *  Spotmarket.OptFile = 1 ;
 546  *  RedispatchWelfare.OptFile = 1 ;
 547   
 548  *** time after which the solver terminates:
 549   Spotmarket.reslim = 10000;
 550   Redispatch.reslim = 36000;
 551   
 552   Alias(LineInvest,LineInvest2) ;
 553   
 554  ***--------------------------------------------------------------------------***
 555  ***           START MODEL LOOP FOR PROBABILITIES AND LINE INVEST             ***
 556  ***--------------------------------------------------------------------------***
 557   
 558  Loop(LineInvest,
 559   
 560     lineB(L) = 1$(LineInvest.val=L.val);
 561   
 562  ***--------------------------------------------------------------------------***
 563  ***                        SOLVE SPOT MARKET MODEL                           ***
 564  ***--------------------------------------------------------------------------***
 565   
 566    option clear= welfareSpot ;
 567    option clear= d_sp        ;
 568    option clear= g_sp        ;
 569    option clear= ig_sp       ;
 570    option clear= f_sp        ;
 571   
 572    SOLVE Spotmarket USING QCP MAXIMIZE welfareSpot ;
 573   
 574    SP_DEM(S_trans,S_co2,S_dloc,S_dlev,D,T)   =  d_sp.l(S_trans,S_co2,S_dloc,S_dlev,D,T);
 575    SP_GEN_G(S_trans,S_co2,S_dloc,S_dlev,G,T) = g_sp.l(S_trans,S_co2,S_dloc,S_dlev,G,T)          ;
 576    SP_CAP_G(G)     = ig_sp.l(G)                                                                 ;
 577    SP_FLOW(S_trans,S_co2,S_dloc,S_dlev,L,T)  = f_sp.l(S_trans,S_co2,S_dloc,S_dlev,L,T)          ;
 578    SP_CAP_L(L)     = lineB(L) * lineUB(L)   ;
 579   
 580   
 581  ***--------------------------------------------------------------------------***
 582  ***                         SOLVE REDISPATCH MODEL                           ***
 583  ***--------------------------------------------------------------------------***
 584   
 585   
 586    option clear = costRedispatch ;
 587    option clear = f_rd   ;
 588    option clear = angle  ;
 589    option clear = d_rd   ;
 590    option clear = g_rd   ;
 591    option clear = gb_rd  ;
 592    option clear = ib_rd  ;
 593    option clear = g_n_rd ;
 594    option clear = g_p_rd ;
 595   
 596    SOLVE Redispatch USING LP MINIMIZE costRedispatch ;
 597   
 598    RD_GEN_G(S_trans,S_co2,S_dloc,S_dlev,G,T) = g_rd.l(S_trans,S_co2,S_dloc,S_dlev,G,T)  ;
 599    RD_CAP_B(B)     = ib_rd.l(B)     ;
 600    RD_GEN_B(S_trans,S_co2,S_dloc,S_dlev,B,T) = gb_rd.l(S_trans,S_co2,S_dloc,S_dlev,B,T) ;
 601   
 602  ***--------------------------------------------------------------------------***
 603  ***                       CALCULATION OF RESULTS                             ***
 604  ***--------------------------------------------------------------------------***
 605   
 606   
 607   
 608  *Welfare after redispatch and investment costs in scenario S
 609    wf_sc_all(S_trans,S_co2,S_dloc,S_dlev)  = (sum((D,T), (consObjA(D,T,S_dlev,S_dloc) * SP_dem(S_trans,S_co2,S_dloc,S_dlev,D,T)
 610                                     - 0.5 * consObjB(D,T,S_dlev,S_dloc) * SP_dem(S_trans,S_co2,S_dloc,S_dlev,D,T) * SP_dem(S_trans,S_co2,S_dloc,S_dlev,D,T) ) * periodScale(T) )
 611                                     - sum((G,T), genVarInv(G,S_co2) * RD_GEN_G(S_trans,S_co2,S_dloc,S_dlev,G,T) * periodScale(T) )
 612                                     - sum((B,T), buVarInv(S_co2) * RD_GEN_B(S_trans,S_co2,S_dloc,S_dlev,B,T) * periodScale(T) ) ) * Year
 613                                     - sum(G, genFixInv(G)  * SP_CAP_G(G) )
 614                                     - sum(B, buFixInv      * RD_CAP_B(B) )
 615                                     - sum(L$SP_CAP_L(L), lineFixInv(L,S_trans) ) ;
 616   
 617  *Welfare after redispatch for both scenarios
 618    wf_all                         = sum((S_trans,S_co2,S_dloc,S_dlev), prob_trans(S_trans)*prob_co2(S_co2)*prob_dloc(S_dloc)*prob_dlev(S_dlev)
 619                                      * wf_sc_all(S_trans,S_co2,S_dloc,S_dlev) ) ;
 620   
 621    Loop_welfare_all(LineInvest)         = wf_all        ;
 622    Loop_welfare_all_sc(LineInvest,S_trans,S_co2,S_dloc,S_dlev)     = wf_sc_all(S_trans,S_co2,S_dloc,S_dlev)  ;
 623    Loop_genInv(LineInvest, G)           = SP_CAP_G(G)   ;
 624    Loop_lineInv(LineInvest)             = sum(L, SP_CAP_L(L) ) ;
 625   
 626  )
 627   
 628  ***--------------------------------------------------------------------------***
 629  ***                       RESULTS to LOOP-PARAMETER                          ***
 630  ***--------------------------------------------------------------------------***
 631   
 632    Parameter
 633    maxWelfare
 634    Results_welfare_all_sc(S_trans,S_co2,S_dloc,S_dlev)
 635    Results_welfare_all
 636    Results_genInv(G)
 637    Results_lineInv;
 638   
 639   
 640   
 641    Loop(LineInvest,
 642   
 643      maxWelfare$(Loop_welfare_all(LineInvest)=smax(LineInvest2, Loop_welfare_all(LineInvest2) )) = LineInvest.val             ;
 644   
 645    );
 646   
 647    Results_welfare_all_sc(S_trans,S_co2,S_dloc,S_dlev)    = sum(LineInvest$(ord(LineInvest)=maxWelfare), Loop_welfare_all_sc(LineInvest,S_trans,S_co2,S_dloc,S_dlev) )   ;
 648    Results_welfare_all  = sum(LineInvest$(ord(LineInvest)=maxWelfare), Loop_welfare_all(LineInvest) )        ;
 649    Results_genInv(G)    = sum(LineInvest$(ord(LineInvest)=maxWelfare), Loop_genInv(LineInvest, G) )         ;
 650    Results_lineInv      = sum(LineInvest$(ord(LineInvest)=maxWelfare), Loop_lineInv(LineInvest) )           ;
 651   
GAMS 25.1.3  r4e34d435fbd Released Oct 30, 2018 WEX-WEI x86 64bit/MS Windows - 03/28/19 16:19:53 Page 2
G e n e r a l   A l g e b r a i c   M o d e l i n g   S y s t e m
Include File Summary


   SEQ   GLOBAL TYPE      PARENT   LOCAL  FILENAME

     1        1 INPUT          0       0  C:\Users\ba62very\MyGit\risk-aversion\GAMS\main-risk-aversion.gms
     2       36 INCLUDE        1      36  .C:\Users\ba62very\MyGit\risk-aversion\GAMS\input-risk-aversion.gms
     3      143 CALL           2     113  .csv2gdx Data/Input_Hourly_RiskAversion.txt id=pRef Index=1 Value= 3 UseHeader=Y StoreZero=Y FieldSep=Tab Output=input.gdx
     4      144 GDXIN          2     114  .C:\Users\ba62very\MyGit\risk-aversion\GAMS\input.gdx
     5      148 CALL           2     118  .csv2gdx Data/Input_hourly_long.txt id=dRef Index=1 Value='(4..6)' UseHeader=Y StoreZero=Y FieldSep=Tab Output=input.gdx
     6      149 GDXIN          2     119  .C:\Users\ba62very\MyGit\risk-aversion\GAMS\input.gdx
     7      153 CALL           2     123  .csv2gdx Data/InputRES.txt id=periodScale Index=1 Value=2 UseHeader=Y StoreZero=Y FieldSep=Tab Output=input.gdx
     8      154 GDXIN          2     124  .C:\Users\ba62very\MyGit\risk-aversion\GAMS\input.gdx
     9      158 CALL           2     128  .csv2gdx Data/InputRES.txt id=avail Index=1 Value='(2..9)' UseHeader=Y StoreZero=Y FieldSep=Tab Output=input.gdx
    10      159 GDXIN          2     129  .C:\Users\ba62very\MyGit\risk-aversion\GAMS\input.gdx
    11      170 INCLUDE        1      37  .C:\Users\ba62very\MyGit\risk-aversion\GAMS\parameters-risk-aversion.gms
    12      313 INCLUDE        1      38  .C:\Users\ba62very\MyGit\risk-aversion\GAMS\model-risk-aversion.gms


COMPILATION TIME     =        0.078 SECONDS      3 MB  25.1.3 r4e34d435fbd WEX-WEI
GAMS 25.1.3  r4e34d435fbd Released Oct 30, 2018 WEX-WEI x86 64bit/MS Windows - 03/28/19 16:19:53 Page 3
G e n e r a l   A l g e b r a i c   M o d e l i n g   S y s t e m
Model Statistics    SOLVE Spotmarket Using QCP From line 572


LOOPS                           LineInvest   1


MODEL STATISTICS

BLOCKS OF EQUATIONS           8     SINGLE EQUATIONS      307,225
BLOCKS OF VARIABLES           7     SINGLE VARIABLES      201,634
NON ZERO ELEMENTS       626,809     NON LINEAR N-Z          4,000
DERIVATIVE POOL              20     CONSTANT POOL             499
CODE LENGTH              28,075


GENERATION TIME      =        1.203 SECONDS     79 MB  25.1.3 r4e34d435fbd WEX-WEI


EXECUTION TIME       =        1.203 SECONDS     79 MB  25.1.3 r4e34d435fbd WEX-WEI
               L O O P S         LineInvest 1

GAMS 25.1.3  r4e34d435fbd Released Oct 30, 2018 WEX-WEI x86 64bit/MS Windows - 03/28/19 16:19:53 Page 4
G e n e r a l   A l g e b r a i c   M o d e l i n g   S y s t e m
Solution Report     SOLVE Spotmarket Using QCP From line 572


               S O L V E      S U M M A R Y

     MODEL   Spotmarket          OBJECTIVE  welfareSpot
     TYPE    QCP                 DIRECTION  MAXIMIZE
     SOLVER  GUROBI              FROM LINE  572

**** SOLVER STATUS     4 Terminated By Solver      
**** MODEL STATUS      7 Feasible Solution         
**** OBJECTIVE VALUE        214592104.4916

 RESOURCE USAGE, LIMIT          0.212     10000.000
 ITERATION COUNT, LIMIT         0    2000000000
 EVALUATION ERRORS             NA             0
Gurobi link license.
Gurobi library version 8.1.0
Space for names approximately 26.99 Mb
QCP status(13): Unable to satisfy optimality tolerances; a sub-optimal solution is available.


**** REPORT SUMMARY :        0     NONOPT
                             0 INFEASIBLE
                             0  UNBOUNDED
                             0     ERRORS
                          4027  PROJECTED
GAMS 25.1.3  r4e34d435fbd Released Oct 30, 2018 WEX-WEI x86 64bit/MS Windows - 03/28/19 16:19:53 Page 5
G e n e r a l   A l g e b r a i c   M o d e l i n g   S y s t e m
Model Statistics    SOLVE Redispatch Using LP From line 596


LOOPS                           LineInvest   1


MODEL STATISTICS

BLOCKS OF EQUATIONS          16     SINGLE EQUATIONS      643,226
BLOCKS OF VARIABLES          12     SINGLE VARIABLES      393,629
NON ZERO ELEMENTS     1,542,502


GENERATION TIME      =        2.093 SECONDS    199 MB  25.1.3 r4e34d435fbd WEX-WEI


EXECUTION TIME       =        2.140 SECONDS    199 MB  25.1.3 r4e34d435fbd WEX-WEI
               L O O P S         LineInvest 1

GAMS 25.1.3  r4e34d435fbd Released Oct 30, 2018 WEX-WEI x86 64bit/MS Windows - 03/28/19 16:19:53 Page 6
G e n e r a l   A l g e b r a i c   M o d e l i n g   S y s t e m
Solution Report     SOLVE Redispatch Using LP From line 596


               S O L V E      S U M M A R Y

     MODEL   Redispatch          OBJECTIVE  costRedispatch
     TYPE    LP                  DIRECTION  MINIMIZE
     SOLVER  GUROBI              FROM LINE  596

**** SOLVER STATUS     1 Normal Completion         
**** MODEL STATUS      1 Optimal                   
**** OBJECTIVE VALUE                0.0000

 RESOURCE USAGE, LIMIT          0.793     36000.000
 ITERATION COUNT, LIMIT         8    2000000000
Gurobi link license.
Gurobi library version 8.1.0
Space for names approximately 55.19 Mb
LP status(2): Model was solved to optimality (subject to tolerances).


**** REPORT SUMMARY :        0     NONOPT
                             0 INFEASIBLE
                             0  UNBOUNDED
                          3684  PROJECTED
GAMS 25.1.3  r4e34d435fbd Released Oct 30, 2018 WEX-WEI x86 64bit/MS Windows - 03/28/19 16:19:53 Page 7
G e n e r a l   A l g e b r a i c   M o d e l i n g   S y s t e m
Model Statistics    SOLVE Spotmarket Using QCP From line 572


LOOPS                           LineInvest   2


MODEL STATISTICS

BLOCKS OF EQUATIONS           8     SINGLE EQUATIONS      307,225
BLOCKS OF VARIABLES           7     SINGLE VARIABLES      201,634
NON ZERO ELEMENTS       626,809     NON LINEAR N-Z          4,000
DERIVATIVE POOL              20     CONSTANT POOL             499
CODE LENGTH              28,075


GENERATION TIME      =        1.188 SECONDS    167 MB  25.1.3 r4e34d435fbd WEX-WEI


EXECUTION TIME       =        1.266 SECONDS    167 MB  25.1.3 r4e34d435fbd WEX-WEI
               L O O P S         LineInvest 2

GAMS 25.1.3  r4e34d435fbd Released Oct 30, 2018 WEX-WEI x86 64bit/MS Windows - 03/28/19 16:19:53 Page 8
G e n e r a l   A l g e b r a i c   M o d e l i n g   S y s t e m
Solution Report     SOLVE Spotmarket Using QCP From line 572


               S O L V E      S U M M A R Y

     MODEL   Spotmarket          OBJECTIVE  welfareSpot
     TYPE    QCP                 DIRECTION  MAXIMIZE
     SOLVER  GUROBI              FROM LINE  572

**** SOLVER STATUS     4 Terminated By Solver      
**** MODEL STATUS      7 Feasible Solution         
**** OBJECTIVE VALUE        214595104.4916

 RESOURCE USAGE, LIMIT          0.268     10000.000
 ITERATION COUNT, LIMIT         0    2000000000
 EVALUATION ERRORS             NA             0
Gurobi link license.
Gurobi library version 8.1.0
Space for names approximately 26.99 Mb
Registering primal dual solution. This turns off presolve!
In case of poor performance consider turning off primal dual solution
registration via GAMS option BRatio=1 or GAMS/Gurobi option UseBasis=0.
QCP status(13): Unable to satisfy optimality tolerances; a sub-optimal solution is available.


**** REPORT SUMMARY :        0     NONOPT
                             0 INFEASIBLE
                             0  UNBOUNDED
                             0     ERRORS
                          7940  PROJECTED
GAMS 25.1.3  r4e34d435fbd Released Oct 30, 2018 WEX-WEI x86 64bit/MS Windows - 03/28/19 16:19:53 Page 9
G e n e r a l   A l g e b r a i c   M o d e l i n g   S y s t e m
Model Statistics    SOLVE Redispatch Using LP From line 596


LOOPS                           LineInvest   2


MODEL STATISTICS

BLOCKS OF EQUATIONS          16     SINGLE EQUATIONS      643,226
BLOCKS OF VARIABLES          12     SINGLE VARIABLES      393,629
NON ZERO ELEMENTS     1,542,502


GENERATION TIME      =        2.171 SECONDS    240 MB  25.1.3 r4e34d435fbd WEX-WEI


EXECUTION TIME       =        2.218 SECONDS    240 MB  25.1.3 r4e34d435fbd WEX-WEI
               L O O P S         LineInvest 2

GAMS 25.1.3  r4e34d435fbd Released Oct 30, 2018 WEX-WEI x86 64bit/MS Windows - 03/28/19 16:19:53 Page 10
G e n e r a l   A l g e b r a i c   M o d e l i n g   S y s t e m
Solution Report     SOLVE Redispatch Using LP From line 596


               S O L V E      S U M M A R Y

     MODEL   Redispatch          OBJECTIVE  costRedispatch
     TYPE    LP                  DIRECTION  MINIMIZE
     SOLVER  GUROBI              FROM LINE  596

**** SOLVER STATUS     1 Normal Completion         
**** MODEL STATUS      1 Optimal                   
**** OBJECTIVE VALUE             7200.0000

 RESOURCE USAGE, LIMIT         21.064     36000.000
 ITERATION COUNT, LIMIT    146996    2000000000
Gurobi link license.
Gurobi library version 8.1.0
Space for names approximately 55.19 Mb
Registering advanced basis. This turns off presolve!
In case of poor performance consider turning off advanced basis registration
via GAMS option BRatio=1 or GAMS/Gurobi option UseBasis=0.
LP status(2): Model was solved to optimality (subject to tolerances).


**** REPORT SUMMARY :        0     NONOPT
                             0 INFEASIBLE
                             0  UNBOUNDED
                          1862  PROJECTED
GAMS 25.1.3  r4e34d435fbd Released Oct 30, 2018 WEX-WEI x86 64bit/MS Windows - 03/28/19 16:19:53 Page 11
G e n e r a l   A l g e b r a i c   M o d e l i n g   S y s t e m
Model Statistics    SOLVE Spotmarket Using QCP From line 572


LOOPS                           LineInvest   3


MODEL STATISTICS

BLOCKS OF EQUATIONS           8     SINGLE EQUATIONS      307,225
BLOCKS OF VARIABLES           7     SINGLE VARIABLES      201,634
NON ZERO ELEMENTS       626,809     NON LINEAR N-Z          4,000
DERIVATIVE POOL              20     CONSTANT POOL             499
CODE LENGTH              28,075


GENERATION TIME      =        1.406 SECONDS    167 MB  25.1.3 r4e34d435fbd WEX-WEI


EXECUTION TIME       =        1.484 SECONDS    167 MB  25.1.3 r4e34d435fbd WEX-WEI
               L O O P S         LineInvest 3

GAMS 25.1.3  r4e34d435fbd Released Oct 30, 2018 WEX-WEI x86 64bit/MS Windows - 03/28/19 16:19:53 Page 12
G e n e r a l   A l g e b r a i c   M o d e l i n g   S y s t e m
Solution Report     SOLVE Spotmarket Using QCP From line 572


               S O L V E      S U M M A R Y

     MODEL   Spotmarket          OBJECTIVE  welfareSpot
     TYPE    QCP                 DIRECTION  MAXIMIZE
     SOLVER  GUROBI              FROM LINE  572

**** SOLVER STATUS     4 Terminated By Solver      
**** MODEL STATUS      7 Feasible Solution         
**** OBJECTIVE VALUE        214598104.4916

 RESOURCE USAGE, LIMIT          0.346     10000.000
 ITERATION COUNT, LIMIT         0    2000000000
 EVALUATION ERRORS             NA             0
Gurobi link license.
Gurobi library version 8.1.0
Space for names approximately 26.99 Mb
Registering primal dual solution. This turns off presolve!
In case of poor performance consider turning off primal dual solution
registration via GAMS option BRatio=1 or GAMS/Gurobi option UseBasis=0.
QCP status(13): Unable to satisfy optimality tolerances; a sub-optimal solution is available.


**** REPORT SUMMARY :        0     NONOPT
                             0 INFEASIBLE
                             0  UNBOUNDED
                             0     ERRORS
                          7946  PROJECTED
GAMS 25.1.3  r4e34d435fbd Released Oct 30, 2018 WEX-WEI x86 64bit/MS Windows - 03/28/19 16:19:53 Page 13
G e n e r a l   A l g e b r a i c   M o d e l i n g   S y s t e m
Model Statistics    SOLVE Redispatch Using LP From line 596


LOOPS                           LineInvest   3


MODEL STATISTICS

BLOCKS OF EQUATIONS          16     SINGLE EQUATIONS      643,226
BLOCKS OF VARIABLES          12     SINGLE VARIABLES      393,629  2 projected
NON ZERO ELEMENTS     1,542,502


GENERATION TIME      =        2.438 SECONDS    240 MB  25.1.3 r4e34d435fbd WEX-WEI


EXECUTION TIME       =        2.500 SECONDS    240 MB  25.1.3 r4e34d435fbd WEX-WEI
               L O O P S         LineInvest 3

GAMS 25.1.3  r4e34d435fbd Released Oct 30, 2018 WEX-WEI x86 64bit/MS Windows - 03/28/19 16:19:53 Page 14
G e n e r a l   A l g e b r a i c   M o d e l i n g   S y s t e m
Solution Report     SOLVE Redispatch Using LP From line 596


               S O L V E      S U M M A R Y

     MODEL   Redispatch          OBJECTIVE  costRedispatch
     TYPE    LP                  DIRECTION  MINIMIZE
     SOLVER  GUROBI              FROM LINE  596

**** SOLVER STATUS     1 Normal Completion         
**** MODEL STATUS      1 Optimal                   
**** OBJECTIVE VALUE            14400.0000

 RESOURCE USAGE, LIMIT        247.075     36000.000
 ITERATION COUNT, LIMIT     89435    2000000000
Gurobi link license.
Gurobi library version 8.1.0
Space for names approximately 55.19 Mb
Registering advanced basis. This turns off presolve!
In case of poor performance consider turning off advanced basis registration
via GAMS option BRatio=1 or GAMS/Gurobi option UseBasis=0.
LP status(2): Model was solved to optimality (subject to tolerances).


**** REPORT SUMMARY :        0     NONOPT
                             0 INFEASIBLE
                             0  UNBOUNDED
                          1844  PROJECTED
GAMS 25.1.3  r4e34d435fbd Released Oct 30, 2018 WEX-WEI x86 64bit/MS Windows - 03/28/19 16:19:53 Page 15
G e n e r a l   A l g e b r a i c   M o d e l i n g   S y s t e m
Model Statistics    SOLVE Spotmarket Using QCP From line 572


LOOPS                           LineInvest   4


MODEL STATISTICS

BLOCKS OF EQUATIONS           8     SINGLE EQUATIONS      307,225
BLOCKS OF VARIABLES           7     SINGLE VARIABLES      201,634
NON ZERO ELEMENTS       626,809     NON LINEAR N-Z          4,000
DERIVATIVE POOL              20     CONSTANT POOL             499
CODE LENGTH              28,075


GENERATION TIME      =        1.266 SECONDS    167 MB  25.1.3 r4e34d435fbd WEX-WEI


EXECUTION TIME       =        1.344 SECONDS    167 MB  25.1.3 r4e34d435fbd WEX-WEI
               L O O P S         LineInvest 4

GAMS 25.1.3  r4e34d435fbd Released Oct 30, 2018 WEX-WEI x86 64bit/MS Windows - 03/28/19 16:19:53 Page 16
G e n e r a l   A l g e b r a i c   M o d e l i n g   S y s t e m
Solution Report     SOLVE Spotmarket Using QCP From line 572


               S O L V E      S U M M A R Y

     MODEL   Spotmarket          OBJECTIVE  welfareSpot
     TYPE    QCP                 DIRECTION  MAXIMIZE
     SOLVER  GUROBI              FROM LINE  572

**** SOLVER STATUS     4 Terminated By Solver      
**** MODEL STATUS      7 Feasible Solution         
**** OBJECTIVE VALUE        214601104.4916

 RESOURCE USAGE, LIMIT          0.365     10000.000
 ITERATION COUNT, LIMIT         0    2000000000
 EVALUATION ERRORS             NA             0
Gurobi link license.
Gurobi library version 8.1.0
Space for names approximately 26.99 Mb
Registering primal dual solution. This turns off presolve!
In case of poor performance consider turning off primal dual solution
registration via GAMS option BRatio=1 or GAMS/Gurobi option UseBasis=0.
QCP status(13): Unable to satisfy optimality tolerances; a sub-optimal solution is available.


**** REPORT SUMMARY :        0     NONOPT
                             0 INFEASIBLE
                             0  UNBOUNDED
                             0     ERRORS
                          7934  PROJECTED
GAMS 25.1.3  r4e34d435fbd Released Oct 30, 2018 WEX-WEI x86 64bit/MS Windows - 03/28/19 16:19:53 Page 17
G e n e r a l   A l g e b r a i c   M o d e l i n g   S y s t e m
Model Statistics    SOLVE Redispatch Using LP From line 596


LOOPS                           LineInvest   4


MODEL STATISTICS

BLOCKS OF EQUATIONS          16     SINGLE EQUATIONS      643,226
BLOCKS OF VARIABLES          12     SINGLE VARIABLES      393,629  7 projected
NON ZERO ELEMENTS     1,542,502


GENERATION TIME      =        2.329 SECONDS    240 MB  25.1.3 r4e34d435fbd WEX-WEI


EXECUTION TIME       =        2.407 SECONDS    240 MB  25.1.3 r4e34d435fbd WEX-WEI
               L O O P S         LineInvest 4

GAMS 25.1.3  r4e34d435fbd Released Oct 30, 2018 WEX-WEI x86 64bit/MS Windows - 03/28/19 16:19:53 Page 18
G e n e r a l   A l g e b r a i c   M o d e l i n g   S y s t e m
Solution Report     SOLVE Redispatch Using LP From line 596


               S O L V E      S U M M A R Y

     MODEL   Redispatch          OBJECTIVE  costRedispatch
     TYPE    LP                  DIRECTION  MINIMIZE
     SOLVER  GUROBI              FROM LINE  596

**** SOLVER STATUS     1 Normal Completion         
**** MODEL STATUS      1 Optimal                   
**** OBJECTIVE VALUE            21600.0000

 RESOURCE USAGE, LIMIT        365.744     36000.000
 ITERATION COUNT, LIMIT     82368    2000000000
Gurobi link license.
Gurobi library version 8.1.0
Space for names approximately 55.19 Mb
Registering advanced basis. This turns off presolve!
In case of poor performance consider turning off advanced basis registration
via GAMS option BRatio=1 or GAMS/Gurobi option UseBasis=0.
LP status(2): Model was solved to optimality (subject to tolerances).


**** REPORT SUMMARY :        0     NONOPT
                             0 INFEASIBLE
                             0  UNBOUNDED
                          3698  PROJECTED
GAMS 25.1.3  r4e34d435fbd Released Oct 30, 2018 WEX-WEI x86 64bit/MS Windows - 03/28/19 16:19:53 Page 19
G e n e r a l   A l g e b r a i c   M o d e l i n g   S y s t e m
Model Statistics    SOLVE Spotmarket Using QCP From line 572


LOOPS                           LineInvest   5


MODEL STATISTICS

BLOCKS OF EQUATIONS           8     SINGLE EQUATIONS      307,225
BLOCKS OF VARIABLES           7     SINGLE VARIABLES      201,634
NON ZERO ELEMENTS       626,809     NON LINEAR N-Z          4,000
DERIVATIVE POOL              20     CONSTANT POOL             499
CODE LENGTH              28,075


GENERATION TIME      =        1.218 SECONDS    167 MB  25.1.3 r4e34d435fbd WEX-WEI


EXECUTION TIME       =        1.297 SECONDS    167 MB  25.1.3 r4e34d435fbd WEX-WEI
               L O O P S         LineInvest 5

GAMS 25.1.3  r4e34d435fbd Released Oct 30, 2018 WEX-WEI x86 64bit/MS Windows - 03/28/19 16:19:53 Page 20
G e n e r a l   A l g e b r a i c   M o d e l i n g   S y s t e m
Solution Report     SOLVE Spotmarket Using QCP From line 572


               S O L V E      S U M M A R Y

     MODEL   Spotmarket          OBJECTIVE  welfareSpot
     TYPE    QCP                 DIRECTION  MAXIMIZE
     SOLVER  GUROBI              FROM LINE  572

**** SOLVER STATUS     4 Terminated By Solver      
**** MODEL STATUS      7 Feasible Solution         
**** OBJECTIVE VALUE        214604104.4916

 RESOURCE USAGE, LIMIT          0.261     10000.000
 ITERATION COUNT, LIMIT         0    2000000000
 EVALUATION ERRORS             NA             0
Gurobi link license.
Gurobi library version 8.1.0
Space for names approximately 26.99 Mb
Registering primal dual solution. This turns off presolve!
In case of poor performance consider turning off primal dual solution
registration via GAMS option BRatio=1 or GAMS/Gurobi option UseBasis=0.
QCP status(13): Unable to satisfy optimality tolerances; a sub-optimal solution is available.


**** REPORT SUMMARY :        0     NONOPT
                             0 INFEASIBLE
                             0  UNBOUNDED
                             0     ERRORS
                          8490  PROJECTED
GAMS 25.1.3  r4e34d435fbd Released Oct 30, 2018 WEX-WEI x86 64bit/MS Windows - 03/28/19 16:19:53 Page 21
G e n e r a l   A l g e b r a i c   M o d e l i n g   S y s t e m
Model Statistics    SOLVE Redispatch Using LP From line 596


LOOPS                           LineInvest   5


MODEL STATISTICS

BLOCKS OF EQUATIONS          16     SINGLE EQUATIONS      643,226
BLOCKS OF VARIABLES          12     SINGLE VARIABLES      393,629
NON ZERO ELEMENTS     1,542,502


GENERATION TIME      =        2.235 SECONDS    240 MB  25.1.3 r4e34d435fbd WEX-WEI


EXECUTION TIME       =        2.282 SECONDS    240 MB  25.1.3 r4e34d435fbd WEX-WEI
               L O O P S         LineInvest 5

GAMS 25.1.3  r4e34d435fbd Released Oct 30, 2018 WEX-WEI x86 64bit/MS Windows - 03/28/19 16:19:53 Page 22
G e n e r a l   A l g e b r a i c   M o d e l i n g   S y s t e m
Solution Report     SOLVE Redispatch Using LP From line 596


               S O L V E      S U M M A R Y

     MODEL   Redispatch          OBJECTIVE  costRedispatch
     TYPE    LP                  DIRECTION  MINIMIZE
     SOLVER  GUROBI              FROM LINE  596

**** SOLVER STATUS     1 Normal Completion         
**** MODEL STATUS      1 Optimal                   
**** OBJECTIVE VALUE            28800.0000

 RESOURCE USAGE, LIMIT        325.723     36000.000
 ITERATION COUNT, LIMIT     87521    2000000000
Gurobi link license.
Gurobi library version 8.1.0
Space for names approximately 55.19 Mb
Registering advanced basis. This turns off presolve!
In case of poor performance consider turning off advanced basis registration
via GAMS option BRatio=1 or GAMS/Gurobi option UseBasis=0.
LP status(2): Model was solved to optimality (subject to tolerances).


**** REPORT SUMMARY :        0     NONOPT
                             0 INFEASIBLE
                             0  UNBOUNDED
                          3702  PROJECTED
GAMS 25.1.3  r4e34d435fbd Released Oct 30, 2018 WEX-WEI x86 64bit/MS Windows - 03/28/19 16:19:53 Page 23
G e n e r a l   A l g e b r a i c   M o d e l i n g   S y s t e m
Model Statistics    SOLVE Spotmarket Using QCP From line 572


LOOPS                           LineInvest   6


MODEL STATISTICS

BLOCKS OF EQUATIONS           8     SINGLE EQUATIONS      307,225
BLOCKS OF VARIABLES           7     SINGLE VARIABLES      201,634
NON ZERO ELEMENTS       626,809     NON LINEAR N-Z          4,000
DERIVATIVE POOL              20     CONSTANT POOL             499
CODE LENGTH              28,075


GENERATION TIME      =        1.219 SECONDS    167 MB  25.1.3 r4e34d435fbd WEX-WEI


EXECUTION TIME       =        1.297 SECONDS    167 MB  25.1.3 r4e34d435fbd WEX-WEI
               L O O P S         LineInvest 6

GAMS 25.1.3  r4e34d435fbd Released Oct 30, 2018 WEX-WEI x86 64bit/MS Windows - 03/28/19 16:19:53 Page 24
G e n e r a l   A l g e b r a i c   M o d e l i n g   S y s t e m
Solution Report     SOLVE Spotmarket Using QCP From line 572


               S O L V E      S U M M A R Y

     MODEL   Spotmarket          OBJECTIVE  welfareSpot
     TYPE    QCP                 DIRECTION  MAXIMIZE
     SOLVER  GUROBI              FROM LINE  572

**** SOLVER STATUS     4 Terminated By Solver      
**** MODEL STATUS      7 Feasible Solution         
**** OBJECTIVE VALUE        214607104.4916

 RESOURCE USAGE, LIMIT          0.275     10000.000
 ITERATION COUNT, LIMIT         0    2000000000
 EVALUATION ERRORS             NA             0
Gurobi link license.
Gurobi library version 8.1.0
Space for names approximately 26.99 Mb
Registering primal dual solution. This turns off presolve!
In case of poor performance consider turning off primal dual solution
registration via GAMS option BRatio=1 or GAMS/Gurobi option UseBasis=0.
QCP status(13): Unable to satisfy optimality tolerances; a sub-optimal solution is available.


**** REPORT SUMMARY :        0     NONOPT
                             0 INFEASIBLE
                             0  UNBOUNDED
                             0     ERRORS
                          7936  PROJECTED
GAMS 25.1.3  r4e34d435fbd Released Oct 30, 2018 WEX-WEI x86 64bit/MS Windows - 03/28/19 16:19:53 Page 25
G e n e r a l   A l g e b r a i c   M o d e l i n g   S y s t e m
Model Statistics    SOLVE Redispatch Using LP From line 596


LOOPS                           LineInvest   6


MODEL STATISTICS

BLOCKS OF EQUATIONS          16     SINGLE EQUATIONS      643,226
BLOCKS OF VARIABLES          12     SINGLE VARIABLES      393,629
NON ZERO ELEMENTS     1,542,502


GENERATION TIME      =        2.297 SECONDS    240 MB  25.1.3 r4e34d435fbd WEX-WEI


EXECUTION TIME       =        2.359 SECONDS    240 MB  25.1.3 r4e34d435fbd WEX-WEI
               L O O P S         LineInvest 6

GAMS 25.1.3  r4e34d435fbd Released Oct 30, 2018 WEX-WEI x86 64bit/MS Windows - 03/28/19 16:19:53 Page 26
G e n e r a l   A l g e b r a i c   M o d e l i n g   S y s t e m
Solution Report     SOLVE Redispatch Using LP From line 596


               S O L V E      S U M M A R Y

     MODEL   Redispatch          OBJECTIVE  costRedispatch
     TYPE    LP                  DIRECTION  MINIMIZE
     SOLVER  GUROBI              FROM LINE  596

**** SOLVER STATUS     1 Normal Completion         
**** MODEL STATUS      1 Optimal                   
**** OBJECTIVE VALUE            36000.0000

 RESOURCE USAGE, LIMIT        233.675     36000.000
 ITERATION COUNT, LIMIT     82245    2000000000
Gurobi link license.
Gurobi library version 8.1.0
Space for names approximately 55.19 Mb
Registering advanced basis. This turns off presolve!
In case of poor performance consider turning off advanced basis registration
via GAMS option BRatio=1 or GAMS/Gurobi option UseBasis=0.
LP status(2): Model was solved to optimality (subject to tolerances).


**** REPORT SUMMARY :        0     NONOPT
                             0 INFEASIBLE
                             0  UNBOUNDED
                          3685  PROJECTED
GAMS 25.1.3  r4e34d435fbd Released Oct 30, 2018 WEX-WEI x86 64bit/MS Windows - 03/28/19 16:19:53 Page 27
G e n e r a l   A l g e b r a i c   M o d e l i n g   S y s t e m
Model Statistics    SOLVE Spotmarket Using QCP From line 572


LOOPS                           LineInvest   7


MODEL STATISTICS

BLOCKS OF EQUATIONS           8     SINGLE EQUATIONS      307,225
BLOCKS OF VARIABLES           7     SINGLE VARIABLES      201,634
NON ZERO ELEMENTS       626,809     NON LINEAR N-Z          4,000
DERIVATIVE POOL              20     CONSTANT POOL             499
CODE LENGTH              28,075


GENERATION TIME      =        1.265 SECONDS    167 MB  25.1.3 r4e34d435fbd WEX-WEI


EXECUTION TIME       =        1.359 SECONDS    167 MB  25.1.3 r4e34d435fbd WEX-WEI
               L O O P S         LineInvest 7

GAMS 25.1.3  r4e34d435fbd Released Oct 30, 2018 WEX-WEI x86 64bit/MS Windows - 03/28/19 16:19:53 Page 28
G e n e r a l   A l g e b r a i c   M o d e l i n g   S y s t e m
Solution Report     SOLVE Spotmarket Using QCP From line 572


               S O L V E      S U M M A R Y

     MODEL   Spotmarket          OBJECTIVE  welfareSpot
     TYPE    QCP                 DIRECTION  MAXIMIZE
     SOLVER  GUROBI              FROM LINE  572

**** SOLVER STATUS     4 Terminated By Solver      
**** MODEL STATUS      7 Feasible Solution         
**** OBJECTIVE VALUE        214610104.4916

 RESOURCE USAGE, LIMIT          0.263     10000.000
 ITERATION COUNT, LIMIT         0    2000000000
 EVALUATION ERRORS             NA             0
Gurobi link license.
Gurobi library version 8.1.0
Space for names approximately 26.99 Mb
Registering primal dual solution. This turns off presolve!
In case of poor performance consider turning off primal dual solution
registration via GAMS option BRatio=1 or GAMS/Gurobi option UseBasis=0.
QCP status(13): Unable to satisfy optimality tolerances; a sub-optimal solution is available.


**** REPORT SUMMARY :        0     NONOPT
                             0 INFEASIBLE
                             0  UNBOUNDED
                             0     ERRORS
                          7936  PROJECTED
GAMS 25.1.3  r4e34d435fbd Released Oct 30, 2018 WEX-WEI x86 64bit/MS Windows - 03/28/19 16:19:53 Page 29
G e n e r a l   A l g e b r a i c   M o d e l i n g   S y s t e m
Model Statistics    SOLVE Redispatch Using LP From line 596


LOOPS                           LineInvest   7


MODEL STATISTICS

BLOCKS OF EQUATIONS          16     SINGLE EQUATIONS      643,226
BLOCKS OF VARIABLES          12     SINGLE VARIABLES      393,629  1 projected
NON ZERO ELEMENTS     1,542,502


GENERATION TIME      =        2.422 SECONDS    240 MB  25.1.3 r4e34d435fbd WEX-WEI


EXECUTION TIME       =        2.468 SECONDS    240 MB  25.1.3 r4e34d435fbd WEX-WEI
               L O O P S         LineInvest 7

GAMS 25.1.3  r4e34d435fbd Released Oct 30, 2018 WEX-WEI x86 64bit/MS Windows - 03/28/19 16:19:53 Page 30
G e n e r a l   A l g e b r a i c   M o d e l i n g   S y s t e m
Solution Report     SOLVE Redispatch Using LP From line 596


               S O L V E      S U M M A R Y

     MODEL   Redispatch          OBJECTIVE  costRedispatch
     TYPE    LP                  DIRECTION  MINIMIZE
     SOLVER  GUROBI              FROM LINE  596

**** SOLVER STATUS     1 Normal Completion         
**** MODEL STATUS      1 Optimal                   
**** OBJECTIVE VALUE            43200.0000

 RESOURCE USAGE, LIMIT        228.370     36000.000
 ITERATION COUNT, LIMIT     86053    2000000000
Gurobi link license.
Gurobi library version 8.1.0
Space for names approximately 55.19 Mb
Registering advanced basis. This turns off presolve!
In case of poor performance consider turning off advanced basis registration
via GAMS option BRatio=1 or GAMS/Gurobi option UseBasis=0.
LP status(2): Model was solved to optimality (subject to tolerances).


**** REPORT SUMMARY :        0     NONOPT
                             0 INFEASIBLE
                             0  UNBOUNDED
                          3692  PROJECTED
GAMS 25.1.3  r4e34d435fbd Released Oct 30, 2018 WEX-WEI x86 64bit/MS Windows - 03/28/19 16:19:53 Page 31
G e n e r a l   A l g e b r a i c   M o d e l i n g   S y s t e m
Model Statistics    SOLVE Spotmarket Using QCP From line 572


LOOPS                           LineInvest   8


MODEL STATISTICS

BLOCKS OF EQUATIONS           8     SINGLE EQUATIONS      307,225
BLOCKS OF VARIABLES           7     SINGLE VARIABLES      201,634
NON ZERO ELEMENTS       626,809     NON LINEAR N-Z          4,000
DERIVATIVE POOL              20     CONSTANT POOL             499
CODE LENGTH              28,075


GENERATION TIME      =        1.250 SECONDS    167 MB  25.1.3 r4e34d435fbd WEX-WEI


EXECUTION TIME       =        1.328 SECONDS    167 MB  25.1.3 r4e34d435fbd WEX-WEI
               L O O P S         LineInvest 8

GAMS 25.1.3  r4e34d435fbd Released Oct 30, 2018 WEX-WEI x86 64bit/MS Windows - 03/28/19 16:19:53 Page 32
G e n e r a l   A l g e b r a i c   M o d e l i n g   S y s t e m
Solution Report     SOLVE Spotmarket Using QCP From line 572


               S O L V E      S U M M A R Y

     MODEL   Spotmarket          OBJECTIVE  welfareSpot
     TYPE    QCP                 DIRECTION  MAXIMIZE
     SOLVER  GUROBI              FROM LINE  572

**** SOLVER STATUS     4 Terminated By Solver      
**** MODEL STATUS      7 Feasible Solution         
**** OBJECTIVE VALUE        214613104.4916

 RESOURCE USAGE, LIMIT          0.274     10000.000
 ITERATION COUNT, LIMIT         0    2000000000
 EVALUATION ERRORS             NA             0
Gurobi link license.
Gurobi library version 8.1.0
Space for names approximately 26.99 Mb
Registering primal dual solution. This turns off presolve!
In case of poor performance consider turning off primal dual solution
registration via GAMS option BRatio=1 or GAMS/Gurobi option UseBasis=0.
QCP status(13): Unable to satisfy optimality tolerances; a sub-optimal solution is available.


**** REPORT SUMMARY :        0     NONOPT
                             0 INFEASIBLE
                             0  UNBOUNDED
                             0     ERRORS
                          8398  PROJECTED
GAMS 25.1.3  r4e34d435fbd Released Oct 30, 2018 WEX-WEI x86 64bit/MS Windows - 03/28/19 16:19:53 Page 33
G e n e r a l   A l g e b r a i c   M o d e l i n g   S y s t e m
Model Statistics    SOLVE Redispatch Using LP From line 596


LOOPS                           LineInvest   8


MODEL STATISTICS

BLOCKS OF EQUATIONS          16     SINGLE EQUATIONS      643,226
BLOCKS OF VARIABLES          12     SINGLE VARIABLES      393,629
NON ZERO ELEMENTS     1,542,502


GENERATION TIME      =        2.329 SECONDS    240 MB  25.1.3 r4e34d435fbd WEX-WEI


EXECUTION TIME       =        2.375 SECONDS    240 MB  25.1.3 r4e34d435fbd WEX-WEI
               L O O P S         LineInvest 8

GAMS 25.1.3  r4e34d435fbd Released Oct 30, 2018 WEX-WEI x86 64bit/MS Windows - 03/28/19 16:19:53 Page 34
G e n e r a l   A l g e b r a i c   M o d e l i n g   S y s t e m
Solution Report     SOLVE Redispatch Using LP From line 596


               S O L V E      S U M M A R Y

     MODEL   Redispatch          OBJECTIVE  costRedispatch
     TYPE    LP                  DIRECTION  MINIMIZE
     SOLVER  GUROBI              FROM LINE  596

**** SOLVER STATUS     1 Normal Completion         
**** MODEL STATUS      1 Optimal                   
**** OBJECTIVE VALUE            50400.0000

 RESOURCE USAGE, LIMIT        201.451     36000.000
 ITERATION COUNT, LIMIT     78695    2000000000
Gurobi link license.
Gurobi library version 8.1.0
Space for names approximately 55.19 Mb
Registering advanced basis. This turns off presolve!
In case of poor performance consider turning off advanced basis registration
via GAMS option BRatio=1 or GAMS/Gurobi option UseBasis=0.
LP status(2): Model was solved to optimality (subject to tolerances).


**** REPORT SUMMARY :        0     NONOPT
                             0 INFEASIBLE
                             0  UNBOUNDED
                          3686  PROJECTED
GAMS 25.1.3  r4e34d435fbd Released Oct 30, 2018 WEX-WEI x86 64bit/MS Windows - 03/28/19 16:19:53 Page 35
G e n e r a l   A l g e b r a i c   M o d e l i n g   S y s t e m
Model Statistics    SOLVE Spotmarket Using QCP From line 572


LOOPS                           LineInvest   9


MODEL STATISTICS

BLOCKS OF EQUATIONS           8     SINGLE EQUATIONS      307,225
BLOCKS OF VARIABLES           7     SINGLE VARIABLES      201,634
NON ZERO ELEMENTS       626,809     NON LINEAR N-Z          4,000
DERIVATIVE POOL              20     CONSTANT POOL             499
CODE LENGTH              28,075


GENERATION TIME      =        1.203 SECONDS    167 MB  25.1.3 r4e34d435fbd WEX-WEI


EXECUTION TIME       =        1.281 SECONDS    167 MB  25.1.3 r4e34d435fbd WEX-WEI
               L O O P S         LineInvest 9

GAMS 25.1.3  r4e34d435fbd Released Oct 30, 2018 WEX-WEI x86 64bit/MS Windows - 03/28/19 16:19:53 Page 36
G e n e r a l   A l g e b r a i c   M o d e l i n g   S y s t e m
Solution Report     SOLVE Spotmarket Using QCP From line 572


               S O L V E      S U M M A R Y

     MODEL   Spotmarket          OBJECTIVE  welfareSpot
     TYPE    QCP                 DIRECTION  MAXIMIZE
     SOLVER  GUROBI              FROM LINE  572

**** SOLVER STATUS     4 Terminated By Solver      
**** MODEL STATUS      7 Feasible Solution         
**** OBJECTIVE VALUE        214616104.4916

 RESOURCE USAGE, LIMIT          0.261     10000.000
 ITERATION COUNT, LIMIT         0    2000000000
 EVALUATION ERRORS             NA             0
Gurobi link license.
Gurobi library version 8.1.0
Space for names approximately 26.99 Mb
Registering primal dual solution. This turns off presolve!
In case of poor performance consider turning off primal dual solution
registration via GAMS option BRatio=1 or GAMS/Gurobi option UseBasis=0.
QCP status(13): Unable to satisfy optimality tolerances; a sub-optimal solution is available.


**** REPORT SUMMARY :        0     NONOPT
                             0 INFEASIBLE
                             0  UNBOUNDED
                             0     ERRORS
                          8115  PROJECTED
GAMS 25.1.3  r4e34d435fbd Released Oct 30, 2018 WEX-WEI x86 64bit/MS Windows - 03/28/19 16:19:53 Page 37
G e n e r a l   A l g e b r a i c   M o d e l i n g   S y s t e m
Model Statistics    SOLVE Redispatch Using LP From line 596


LOOPS                           LineInvest   9


MODEL STATISTICS

BLOCKS OF EQUATIONS          16     SINGLE EQUATIONS      643,226
BLOCKS OF VARIABLES          12     SINGLE VARIABLES      393,629
NON ZERO ELEMENTS     1,542,502


GENERATION TIME      =        2.250 SECONDS    240 MB  25.1.3 r4e34d435fbd WEX-WEI


EXECUTION TIME       =        2.297 SECONDS    240 MB  25.1.3 r4e34d435fbd WEX-WEI
               L O O P S         LineInvest 9

GAMS 25.1.3  r4e34d435fbd Released Oct 30, 2018 WEX-WEI x86 64bit/MS Windows - 03/28/19 16:19:53 Page 38
G e n e r a l   A l g e b r a i c   M o d e l i n g   S y s t e m
Solution Report     SOLVE Redispatch Using LP From line 596


               S O L V E      S U M M A R Y

     MODEL   Redispatch          OBJECTIVE  costRedispatch
     TYPE    LP                  DIRECTION  MINIMIZE
     SOLVER  GUROBI              FROM LINE  596

**** SOLVER STATUS     1 Normal Completion         
**** MODEL STATUS      1 Optimal                   
**** OBJECTIVE VALUE            57600.0000

 RESOURCE USAGE, LIMIT        187.949     36000.000
 ITERATION COUNT, LIMIT     80107    2000000000
Gurobi link license.
Gurobi library version 8.1.0
Space for names approximately 55.19 Mb
Registering advanced basis. This turns off presolve!
In case of poor performance consider turning off advanced basis registration
via GAMS option BRatio=1 or GAMS/Gurobi option UseBasis=0.
LP status(2): Model was solved to optimality (subject to tolerances).


**** REPORT SUMMARY :        0     NONOPT
                             0 INFEASIBLE
                             0  UNBOUNDED
                          3693  PROJECTED
GAMS 25.1.3  r4e34d435fbd Released Oct 30, 2018 WEX-WEI x86 64bit/MS Windows - 03/28/19 16:19:53 Page 39
G e n e r a l   A l g e b r a i c   M o d e l i n g   S y s t e m
Model Statistics    SOLVE Spotmarket Using QCP From line 572


LOOPS                           LineInvest   10


MODEL STATISTICS

BLOCKS OF EQUATIONS           8     SINGLE EQUATIONS      307,225
BLOCKS OF VARIABLES           7     SINGLE VARIABLES      201,634
NON ZERO ELEMENTS       626,809     NON LINEAR N-Z          4,000
DERIVATIVE POOL              20     CONSTANT POOL             499
CODE LENGTH              28,075


GENERATION TIME      =        1.203 SECONDS    167 MB  25.1.3 r4e34d435fbd WEX-WEI


EXECUTION TIME       =        1.265 SECONDS    167 MB  25.1.3 r4e34d435fbd WEX-WEI
               L O O P S         LineInvest 10

GAMS 25.1.3  r4e34d435fbd Released Oct 30, 2018 WEX-WEI x86 64bit/MS Windows - 03/28/19 16:19:53 Page 40
G e n e r a l   A l g e b r a i c   M o d e l i n g   S y s t e m
Solution Report     SOLVE Spotmarket Using QCP From line 572


               S O L V E      S U M M A R Y

     MODEL   Spotmarket          OBJECTIVE  welfareSpot
     TYPE    QCP                 DIRECTION  MAXIMIZE
     SOLVER  GUROBI              FROM LINE  572

**** SOLVER STATUS     4 Terminated By Solver      
**** MODEL STATUS      7 Feasible Solution         
**** OBJECTIVE VALUE        214619104.4916

 RESOURCE USAGE, LIMIT          0.258     10000.000
 ITERATION COUNT, LIMIT         0    2000000000
 EVALUATION ERRORS             NA             0
Gurobi link license.
Gurobi library version 8.1.0
Space for names approximately 26.99 Mb
Registering primal dual solution. This turns off presolve!
In case of poor performance consider turning off primal dual solution
registration via GAMS option BRatio=1 or GAMS/Gurobi option UseBasis=0.
QCP status(13): Unable to satisfy optimality tolerances; a sub-optimal solution is available.


**** REPORT SUMMARY :        0     NONOPT
                             0 INFEASIBLE
                             0  UNBOUNDED
                             0     ERRORS
                          8771  PROJECTED
GAMS 25.1.3  r4e34d435fbd Released Oct 30, 2018 WEX-WEI x86 64bit/MS Windows - 03/28/19 16:19:53 Page 41
G e n e r a l   A l g e b r a i c   M o d e l i n g   S y s t e m
Model Statistics    SOLVE Redispatch Using LP From line 596


LOOPS                           LineInvest   10


MODEL STATISTICS

BLOCKS OF EQUATIONS          16     SINGLE EQUATIONS      643,226
BLOCKS OF VARIABLES          12     SINGLE VARIABLES      393,629
NON ZERO ELEMENTS     1,542,502


GENERATION TIME      =        2.234 SECONDS    240 MB  25.1.3 r4e34d435fbd WEX-WEI


EXECUTION TIME       =        2.281 SECONDS    240 MB  25.1.3 r4e34d435fbd WEX-WEI
               L O O P S         LineInvest 10

GAMS 25.1.3  r4e34d435fbd Released Oct 30, 2018 WEX-WEI x86 64bit/MS Windows - 03/28/19 16:19:53 Page 42
G e n e r a l   A l g e b r a i c   M o d e l i n g   S y s t e m
Solution Report     SOLVE Redispatch Using LP From line 596


               S O L V E      S U M M A R Y

     MODEL   Redispatch          OBJECTIVE  costRedispatch
     TYPE    LP                  DIRECTION  MINIMIZE
     SOLVER  GUROBI              FROM LINE  596

**** SOLVER STATUS     1 Normal Completion         
**** MODEL STATUS      1 Optimal                   
**** OBJECTIVE VALUE            64800.0000

 RESOURCE USAGE, LIMIT        212.611     36000.000
 ITERATION COUNT, LIMIT     88951    2000000000
Gurobi link license.
Gurobi library version 8.1.0
Space for names approximately 55.19 Mb
Registering advanced basis. This turns off presolve!
In case of poor performance consider turning off advanced basis registration
via GAMS option BRatio=1 or GAMS/Gurobi option UseBasis=0.
LP status(2): Model was solved to optimality (subject to tolerances).


**** REPORT SUMMARY :        0     NONOPT
                             0 INFEASIBLE
                             0  UNBOUNDED
                          3693  PROJECTED
GAMS 25.1.3  r4e34d435fbd Released Oct 30, 2018 WEX-WEI x86 64bit/MS Windows - 03/28/19 16:19:53 Page 43
G e n e r a l   A l g e b r a i c   M o d e l i n g   S y s t e m
Model Statistics    SOLVE Spotmarket Using QCP From line 572


LOOPS                           LineInvest   11


MODEL STATISTICS

BLOCKS OF EQUATIONS           8     SINGLE EQUATIONS      307,225
BLOCKS OF VARIABLES           7     SINGLE VARIABLES      201,634
NON ZERO ELEMENTS       626,809     NON LINEAR N-Z          4,000
DERIVATIVE POOL              20     CONSTANT POOL             499
CODE LENGTH              28,075


GENERATION TIME      =        1.234 SECONDS    167 MB  25.1.3 r4e34d435fbd WEX-WEI


EXECUTION TIME       =        1.312 SECONDS    167 MB  25.1.3 r4e34d435fbd WEX-WEI
               L O O P S         LineInvest 11

GAMS 25.1.3  r4e34d435fbd Released Oct 30, 2018 WEX-WEI x86 64bit/MS Windows - 03/28/19 16:19:53 Page 44
G e n e r a l   A l g e b r a i c   M o d e l i n g   S y s t e m
Solution Report     SOLVE Spotmarket Using QCP From line 572


               S O L V E      S U M M A R Y

     MODEL   Spotmarket          OBJECTIVE  welfareSpot
     TYPE    QCP                 DIRECTION  MAXIMIZE
     SOLVER  GUROBI              FROM LINE  572

**** SOLVER STATUS     4 Terminated By Solver      
**** MODEL STATUS      7 Feasible Solution         
**** OBJECTIVE VALUE        214622104.4916

 RESOURCE USAGE, LIMIT          0.292     10000.000
 ITERATION COUNT, LIMIT         0    2000000000
 EVALUATION ERRORS             NA             0
Gurobi link license.
Gurobi library version 8.1.0
Space for names approximately 26.99 Mb
Registering primal dual solution. This turns off presolve!
In case of poor performance consider turning off primal dual solution
registration via GAMS option BRatio=1 or GAMS/Gurobi option UseBasis=0.
QCP status(13): Unable to satisfy optimality tolerances; a sub-optimal solution is available.


**** REPORT SUMMARY :        0     NONOPT
                             0 INFEASIBLE
                             0  UNBOUNDED
                             0     ERRORS
                          8208  PROJECTED
GAMS 25.1.3  r4e34d435fbd Released Oct 30, 2018 WEX-WEI x86 64bit/MS Windows - 03/28/19 16:19:53 Page 45
G e n e r a l   A l g e b r a i c   M o d e l i n g   S y s t e m
Model Statistics    SOLVE Redispatch Using LP From line 596


LOOPS                           LineInvest   11


MODEL STATISTICS

BLOCKS OF EQUATIONS          16     SINGLE EQUATIONS      643,226
BLOCKS OF VARIABLES          12     SINGLE VARIABLES      393,629
NON ZERO ELEMENTS     1,542,502


GENERATION TIME      =        2.281 SECONDS    240 MB  25.1.3 r4e34d435fbd WEX-WEI


EXECUTION TIME       =        2.328 SECONDS    240 MB  25.1.3 r4e34d435fbd WEX-WEI
               L O O P S         LineInvest 11

GAMS 25.1.3  r4e34d435fbd Released Oct 30, 2018 WEX-WEI x86 64bit/MS Windows - 03/28/19 16:19:53 Page 46
G e n e r a l   A l g e b r a i c   M o d e l i n g   S y s t e m
Solution Report     SOLVE Redispatch Using LP From line 596


               S O L V E      S U M M A R Y

     MODEL   Redispatch          OBJECTIVE  costRedispatch
     TYPE    LP                  DIRECTION  MINIMIZE
     SOLVER  GUROBI              FROM LINE  596

**** SOLVER STATUS     1 Normal Completion         
**** MODEL STATUS      1 Optimal                   
**** OBJECTIVE VALUE            72000.0000

 RESOURCE USAGE, LIMIT        197.206     36000.000
 ITERATION COUNT, LIMIT     77992    2000000000
Gurobi link license.
Gurobi library version 8.1.0
Space for names approximately 55.19 Mb
Registering advanced basis. This turns off presolve!
In case of poor performance consider turning off advanced basis registration
via GAMS option BRatio=1 or GAMS/Gurobi option UseBasis=0.
LP status(2): Model was solved to optimality (subject to tolerances).


**** REPORT SUMMARY :        0     NONOPT
                             0 INFEASIBLE
                             0  UNBOUNDED
                          3689  PROJECTED
GAMS 25.1.3  r4e34d435fbd Released Oct 30, 2018 WEX-WEI x86 64bit/MS Windows - 03/28/19 16:19:53 Page 47
G e n e r a l   A l g e b r a i c   M o d e l i n g   S y s t e m
E x e c u t i o n


EXECUTION TIME       =        0.063 SECONDS    124 MB  25.1.3 r4e34d435fbd WEX-WEI


USER: Small MUD - 5 User License                     S181102:0656AO-WIN
      Friedrich-Alexander-Universitaet Erlangen-Nurnberg, Chair DC12906
      License for teaching and research at degree granting institutions


**** FILE SUMMARY

Input      C:\Users\ba62very\MyGit\risk-aversion\GAMS\main-risk-aversion.gms
Output     C:\Users\ba62very\MyGit\risk-aversion\GAMS\main-risk-aversion.lst
